D:/Github/BLE_Implementation/BLE_p2pServer/System/Modules/Flash/flash_manager.c:506:13:FM_WindowAllowed_Callback	8	static
D:/Github/BLE_Implementation/BLE_p2pServer/System/Modules/Flash/flash_manager.c:431:24:FM_CheckFlashManagerState	16	static,ignoring_inline_asm
D:/Github/BLE_Implementation/BLE_p2pServer/System/Modules/Flash/flash_manager.c:133:17:FM_Write	24	static
D:/Github/BLE_Implementation/BLE_p2pServer/System/Modules/Flash/flash_manager.c:184:17:FM_Erase	16	static
D:/Github/BLE_Implementation/BLE_p2pServer/System/Modules/Flash/flash_manager.c:231:6:FM_BackgroundProcess	32	static,ignoring_inline_asm
