D:/Github/BLE_Implementation/BLE_p2pServer/STM32_WPAN/Target/linklayer_plat.c:71:6:LINKLAYER_PLAT_ClockInit	8	static
D:/Github/BLE_Implementation/BLE_p2pServer/STM32_WPAN/Target/linklayer_plat.c:92:6:LINKLAYER_PLAT_DelayUs	8	static,ignoring_inline_asm
D:/Github/BLE_Implementation/BLE_p2pServer/STM32_WPAN/Target/linklayer_plat.c:107:6:LINKLAYER_PLAT_Assert	0	static
D:/Github/BLE_Implementation/BLE_p2pServer/STM32_WPAN/Target/linklayer_plat.c:117:6:LINKLAYER_PLAT_WaitHclkRdy	8	static
D:/Github/BLE_Implementation/BLE_p2pServer/STM32_WPAN/Target/linklayer_plat.c:128:6:LINKLAYER_PLAT_AclkCtrl	8	static
D:/Github/BLE_Implementation/BLE_p2pServer/STM32_WPAN/Target/linklayer_plat.c:150:6:LINKLAYER_PLAT_GetRNG	32	static
D:/Github/BLE_Implementation/BLE_p2pServer/STM32_WPAN/Target/linklayer_plat.c:177:6:LINKLAYER_PLAT_SetupRadioIT	8	static
D:/Github/BLE_Implementation/BLE_p2pServer/STM32_WPAN/Target/linklayer_plat.c:189:6:LINKLAYER_PLAT_SetupSwLowIT	8	static
D:/Github/BLE_Implementation/BLE_p2pServer/STM32_WPAN/Target/linklayer_plat.c:202:6:LINKLAYER_PLAT_TriggerSwLowIT	8	static
D:/Github/BLE_Implementation/BLE_p2pServer/STM32_WPAN/Target/linklayer_plat.c:243:6:LINKLAYER_PLAT_EnableIRQ	0	static,ignoring_inline_asm
D:/Github/BLE_Implementation/BLE_p2pServer/STM32_WPAN/Target/linklayer_plat.c:259:6:LINKLAYER_PLAT_DisableIRQ	0	static,ignoring_inline_asm
D:/Github/BLE_Implementation/BLE_p2pServer/STM32_WPAN/Target/linklayer_plat.c:280:6:LINKLAYER_PLAT_EnableSpecificIRQ	8	static,ignoring_inline_asm
D:/Github/BLE_Implementation/BLE_p2pServer/STM32_WPAN/Target/linklayer_plat.c:327:6:LINKLAYER_PLAT_DisableSpecificIRQ	8	static,ignoring_inline_asm
D:/Github/BLE_Implementation/BLE_p2pServer/STM32_WPAN/Target/linklayer_plat.c:371:6:LINKLAYER_PLAT_EnableRadioIT	0	static
D:/Github/BLE_Implementation/BLE_p2pServer/STM32_WPAN/Target/linklayer_plat.c:389:6:LINKLAYER_PLAT_DisableRadioIT	0	static
D:/Github/BLE_Implementation/BLE_p2pServer/STM32_WPAN/Target/linklayer_plat.c:407:6:LINKLAYER_PLAT_StartRadioEvt	0	static
D:/Github/BLE_Implementation/BLE_p2pServer/STM32_WPAN/Target/linklayer_plat.c:421:6:LINKLAYER_PLAT_StopRadioEvt	0	static
D:/Github/BLE_Implementation/BLE_p2pServer/STM32_WPAN/Target/linklayer_plat.c:435:6:LINKLAYER_PLAT_RCOStartClbr	8	static
D:/Github/BLE_Implementation/BLE_p2pServer/STM32_WPAN/Target/linklayer_plat.c:454:6:LINKLAYER_PLAT_RCOStopClbr	8	static
D:/Github/BLE_Implementation/BLE_p2pServer/STM32_WPAN/Target/linklayer_plat.c:473:6:LINKLAYER_PLAT_RequestTemperature	0	static
D:/Github/BLE_Implementation/BLE_p2pServer/STM32_WPAN/Target/linklayer_plat.c:485:6:LINKLAYER_PLAT_EnableOSContextSwitch	0	static
D:/Github/BLE_Implementation/BLE_p2pServer/STM32_WPAN/Target/linklayer_plat.c:494:6:LINKLAYER_PLAT_DisableOSContextSwitch	0	static
D:/Github/BLE_Implementation/BLE_p2pServer/STM32_WPAN/Target/linklayer_plat.c:503:6:LINKLAYER_PLAT_SCHLDR_TIMING_UPDATE_NOT	0	static
D:/Github/BLE_Implementation/BLE_p2pServer/STM32_WPAN/Target/linklayer_plat.c:515:10:LINKLAYER_PLAT_GetSTCompanyID	0	static
D:/Github/BLE_Implementation/BLE_p2pServer/STM32_WPAN/Target/linklayer_plat.c:525:10:LINKLAYER_PLAT_GetUDN	0	static
