D:/Github/BLE_Implementation/BLE_p2pServer/STM32_WPAN/App/app_ble.c:1412:13:Switch_OFF_GPIO	0	static
D:/Github/BLE_Implementation/BLE_p2pServer/STM32_WPAN/App/app_ble.c:1406:13:Adv_Cancel_Req	0	static
D:/Github/BLE_Implementation/BLE_p2pServer/STM32_WPAN/App/app_ble.c:1258:13:Ble_UserEvtRx	16	static
D:/Github/BLE_Implementation/BLE_p2pServer/STM32_WPAN/App/app_ble.c:1359:13:BleStack_Process_BG	8	static
D:/Github/BLE_Implementation/BLE_p2pServer/STM32_WPAN/App/app_ble.c:1384:13:BLE_ResumeFlowProcessCallback	0	static
D:/Github/BLE_Implementation/BLE_p2pServer/STM32_WPAN/App/app_ble.c:1394:13:BLE_NvmCallback	0	static
D:/Github/BLE_Implementation/BLE_p2pServer/STM32_WPAN/App/app_ble.c:1418:13:Adv_Cancel	8	static
D:/Github/BLE_Implementation/BLE_p2pServer/STM32_WPAN/App/app_ble.c:698:22:APP_BLE_Get_Server_Connection_Status	0	static
D:/Github/BLE_Implementation/BLE_p2pServer/STM32_WPAN/App/app_ble.c:703:6:APP_BLE_Procedure_Gap_General	32	static
D:/Github/BLE_Implementation/BLE_p2pServer/STM32_WPAN/App/app_ble.c:797:6:APP_BLE_Procedure_Gap_Peripheral	48	static
D:/Github/BLE_Implementation/BLE_p2pServer/STM32_WPAN/App/app_ble.c:233:6:APP_BLE_Init	104	static
D:/Github/BLE_Implementation/BLE_p2pServer/STM32_WPAN/App/app_ble.c:331:28:SVCCTL_App_Notification	48	static
D:/Github/BLE_Implementation/BLE_p2pServer/STM32_WPAN/App/app_ble.c:1504:12:BLECB_Indication	32	static
D:/Github/BLE_Implementation/BLE_p2pServer/STM32_WPAN/App/app_ble.c:1544:6:NVMCB_Store	0	static
D:/Github/BLE_Implementation/BLE_p2pServer/STM32_WPAN/App/app_ble.c:1556:6:APPE_Button1Action	48	static
D:/Github/BLE_Implementation/BLE_p2pServer/STM32_WPAN/App/app_ble.c:1571:6:APPE_Button2Action	48	static
D:/Github/BLE_Implementation/BLE_p2pServer/STM32_WPAN/App/app_ble.c:1597:6:APPE_Button3Action	24	static
