../Application/User/STM32_WPAN/App/app_ble.c:1463:13:Switch_OFF_GPIO	0	static
../Application/User/STM32_WPAN/App/app_ble.c:1457:13:Adv_Cancel_Req	0	static
../Application/User/STM32_WPAN/App/app_ble.c:1309:13:Ble_UserEvtRx	16	static
../Application/User/STM32_WPAN/App/app_ble.c:1410:13:BleStack_Process_BG	8	static
../Application/User/STM32_WPAN/App/app_ble.c:1435:13:BLE_ResumeFlowProcessCallback	0	static
../Application/User/STM32_WPAN/App/app_ble.c:1445:13:BLE_NvmCallback	0	static
../Application/User/STM32_WPAN/App/app_ble.c:1469:13:Adv_Cancel	8	static
../Application/User/STM32_WPAN/App/app_ble.c:711:22:APP_BLE_Get_Server_Connection_Status	0	static
../Application/User/STM32_WPAN/App/app_ble.c:716:6:APP_BLE_Procedure_Gap_General	32	static
../Application/User/STM32_WPAN/App/app_ble.c:810:6:APP_BLE_Procedure_Gap_Peripheral	64	static
../Application/User/STM32_WPAN/App/app_ble.c:235:6:APP_BLE_Init	64	static
../Application/User/STM32_WPAN/App/app_ble.c:333:28:SVCCTL_App_Notification	48	static
../Application/User/STM32_WPAN/App/app_ble.c:1555:12:BLECB_Indication	32	static
../Application/User/STM32_WPAN/App/app_ble.c:1595:6:NVMCB_Store	0	static
../Application/User/STM32_WPAN/App/app_ble.c:1607:6:APPE_Button1Action	56	static
../Application/User/STM32_WPAN/App/app_ble.c:1622:6:APPE_Button2Action	8	static
../Application/User/STM32_WPAN/App/app_ble.c:1648:6:APPE_Button3Action	24	static
