D:/Github/BLE_Implementation/BLE_p2pServer/Drivers/STM32WBAxx_HAL_Driver/Src/stm32wbaxx_hal_dma_ex.c:3847:17:DMA_List_FindNode	28	static
D:/Github/BLE_Implementation/BLE_p2pServer/Drivers/STM32WBAxx_HAL_Driver/Src/stm32wbaxx_hal_dma_ex.c:565:19:HAL_DMAEx_List_Init	16	static
D:/Github/BLE_Implementation/BLE_p2pServer/Drivers/STM32WBAxx_HAL_Driver/Src/stm32wbaxx_hal_dma_ex.c:634:19:HAL_DMAEx_List_DeInit	24	static
D:/Github/BLE_Implementation/BLE_p2pServer/Drivers/STM32WBAxx_HAL_Driver/Src/stm32wbaxx_hal_dma_ex.c:771:19:HAL_DMAEx_List_Start	4	static
D:/Github/BLE_Implementation/BLE_p2pServer/Drivers/STM32WBAxx_HAL_Driver/Src/stm32wbaxx_hal_dma_ex.c:833:19:HAL_DMAEx_List_Start_IT	4	static
D:/Github/BLE_Implementation/BLE_p2pServer/Drivers/STM32WBAxx_HAL_Driver/Src/stm32wbaxx_hal_dma_ex.c:1001:19:HAL_DMAEx_List_BuildNode	20	static
D:/Github/BLE_Implementation/BLE_p2pServer/Drivers/STM32WBAxx_HAL_Driver/Src/stm32wbaxx_hal_dma_ex.c:1062:19:HAL_DMAEx_List_GetNodeConfig	8	static
D:/Github/BLE_Implementation/BLE_p2pServer/Drivers/STM32WBAxx_HAL_Driver/Src/stm32wbaxx_hal_dma_ex.c:1086:19:HAL_DMAEx_List_InsertNode	40	static
D:/Github/BLE_Implementation/BLE_p2pServer/Drivers/STM32WBAxx_HAL_Driver/Src/stm32wbaxx_hal_dma_ex.c:1216:19:HAL_DMAEx_List_InsertNode_Head	4	static
D:/Github/BLE_Implementation/BLE_p2pServer/Drivers/STM32WBAxx_HAL_Driver/Src/stm32wbaxx_hal_dma_ex.c:1295:19:HAL_DMAEx_List_InsertNode_Tail	8	static
D:/Github/BLE_Implementation/BLE_p2pServer/Drivers/STM32WBAxx_HAL_Driver/Src/stm32wbaxx_hal_dma_ex.c:1382:19:HAL_DMAEx_List_RemoveNode	32	static
D:/Github/BLE_Implementation/BLE_p2pServer/Drivers/STM32WBAxx_HAL_Driver/Src/stm32wbaxx_hal_dma_ex.c:1523:19:HAL_DMAEx_List_RemoveNode_Head	12	static
D:/Github/BLE_Implementation/BLE_p2pServer/Drivers/STM32WBAxx_HAL_Driver/Src/stm32wbaxx_hal_dma_ex.c:1620:19:HAL_DMAEx_List_RemoveNode_Tail	12	static
D:/Github/BLE_Implementation/BLE_p2pServer/Drivers/STM32WBAxx_HAL_Driver/Src/stm32wbaxx_hal_dma_ex.c:1715:19:HAL_DMAEx_List_ReplaceNode	48	static
D:/Github/BLE_Implementation/BLE_p2pServer/Drivers/STM32WBAxx_HAL_Driver/Src/stm32wbaxx_hal_dma_ex.c:1878:19:HAL_DMAEx_List_ReplaceNode_Head	12	static
D:/Github/BLE_Implementation/BLE_p2pServer/Drivers/STM32WBAxx_HAL_Driver/Src/stm32wbaxx_hal_dma_ex.c:1975:19:HAL_DMAEx_List_ReplaceNode_Tail	20	static
D:/Github/BLE_Implementation/BLE_p2pServer/Drivers/STM32WBAxx_HAL_Driver/Src/stm32wbaxx_hal_dma_ex.c:2066:19:HAL_DMAEx_List_ResetQ	12	static
D:/Github/BLE_Implementation/BLE_p2pServer/Drivers/STM32WBAxx_HAL_Driver/Src/stm32wbaxx_hal_dma_ex.c:2138:19:HAL_DMAEx_List_InsertQ	48	static
D:/Github/BLE_Implementation/BLE_p2pServer/Drivers/STM32WBAxx_HAL_Driver/Src/stm32wbaxx_hal_dma_ex.c:2346:19:HAL_DMAEx_List_InsertQ_Head	24	static
D:/Github/BLE_Implementation/BLE_p2pServer/Drivers/STM32WBAxx_HAL_Driver/Src/stm32wbaxx_hal_dma_ex.c:2483:19:HAL_DMAEx_List_InsertQ_Tail	48	static
D:/Github/BLE_Implementation/BLE_p2pServer/Drivers/STM32WBAxx_HAL_Driver/Src/stm32wbaxx_hal_dma_ex.c:2619:19:HAL_DMAEx_List_SetCircularModeConfig	40	static
D:/Github/BLE_Implementation/BLE_p2pServer/Drivers/STM32WBAxx_HAL_Driver/Src/stm32wbaxx_hal_dma_ex.c:2714:19:HAL_DMAEx_List_SetCircularMode	12	static
D:/Github/BLE_Implementation/BLE_p2pServer/Drivers/STM32WBAxx_HAL_Driver/Src/stm32wbaxx_hal_dma_ex.c:2797:19:HAL_DMAEx_List_ClearCircularMode	4	static
D:/Github/BLE_Implementation/BLE_p2pServer/Drivers/STM32WBAxx_HAL_Driver/Src/stm32wbaxx_hal_dma_ex.c:2868:19:HAL_DMAEx_List_ConvertQToDynamic	88	static
D:/Github/BLE_Implementation/BLE_p2pServer/Drivers/STM32WBAxx_HAL_Driver/Src/stm32wbaxx_hal_dma_ex.c:2970:19:HAL_DMAEx_List_ConvertQToStatic	96	static
D:/Github/BLE_Implementation/BLE_p2pServer/Drivers/STM32WBAxx_HAL_Driver/Src/stm32wbaxx_hal_dma_ex.c:3047:19:HAL_DMAEx_List_LinkQ	0	static
D:/Github/BLE_Implementation/BLE_p2pServer/Drivers/STM32WBAxx_HAL_Driver/Src/stm32wbaxx_hal_dma_ex.c:3118:19:HAL_DMAEx_List_UnLinkQ	0	static
D:/Github/BLE_Implementation/BLE_p2pServer/Drivers/STM32WBAxx_HAL_Driver/Src/stm32wbaxx_hal_dma_ex.c:3184:19:HAL_DMAEx_ConfigDataHandling	4	static
D:/Github/BLE_Implementation/BLE_p2pServer/Drivers/STM32WBAxx_HAL_Driver/Src/stm32wbaxx_hal_dma_ex.c:3224:19:HAL_DMAEx_ConfigTrigger	4	static
D:/Github/BLE_Implementation/BLE_p2pServer/Drivers/STM32WBAxx_HAL_Driver/Src/stm32wbaxx_hal_dma_ex.c:3297:19:HAL_DMAEx_Suspend	16	static
D:/Github/BLE_Implementation/BLE_p2pServer/Drivers/STM32WBAxx_HAL_Driver/Src/stm32wbaxx_hal_dma_ex.c:3356:19:HAL_DMAEx_Suspend_IT	0	static
D:/Github/BLE_Implementation/BLE_p2pServer/Drivers/STM32WBAxx_HAL_Driver/Src/stm32wbaxx_hal_dma_ex.c:3390:19:HAL_DMAEx_Resume	0	static
D:/Github/BLE_Implementation/BLE_p2pServer/Drivers/STM32WBAxx_HAL_Driver/Src/stm32wbaxx_hal_dma_ex.c:3451:10:HAL_DMAEx_GetFifoLevel	0	static
