D:/Github/BLE_Implementation/BLE_p2pServer/Drivers/STM32WBAxx_HAL_Driver/Src/stm32wbaxx_hal_rng.c:349:13:HAL_RNG_MspInit	0	static
D:/Github/BLE_Implementation/BLE_p2pServer/Drivers/STM32WBAxx_HAL_Driver/Src/stm32wbaxx_hal_rng.c:154:19:HAL_RNG_Init	16	static
D:/Github/BLE_Implementation/BLE_p2pServer/Drivers/STM32WBAxx_HAL_Driver/Src/stm32wbaxx_hal_rng.c:364:13:HAL_RNG_MspDeInit	0	static
D:/Github/BLE_Implementation/BLE_p2pServer/Drivers/STM32WBAxx_HAL_Driver/Src/stm32wbaxx_hal_rng.c:275:19:HAL_RNG_DeInit	16	static
D:/Github/BLE_Implementation/BLE_p2pServer/Drivers/STM32WBAxx_HAL_Driver/Src/stm32wbaxx_hal_rng.c:711:19:HAL_RNG_GenerateRandomNumber_IT	0	static
D:/Github/BLE_Implementation/BLE_p2pServer/Drivers/STM32WBAxx_HAL_Driver/Src/stm32wbaxx_hal_rng.c:847:10:HAL_RNG_ReadLastRandomNumber	0	static
D:/Github/BLE_Implementation/BLE_p2pServer/Drivers/STM32WBAxx_HAL_Driver/Src/stm32wbaxx_hal_rng.c:864:13:HAL_RNG_ReadyDataCallback	0	static
D:/Github/BLE_Implementation/BLE_p2pServer/Drivers/STM32WBAxx_HAL_Driver/Src/stm32wbaxx_hal_rng.c:880:13:HAL_RNG_ErrorCallback	0	static
D:/Github/BLE_Implementation/BLE_p2pServer/Drivers/STM32WBAxx_HAL_Driver/Src/stm32wbaxx_hal_rng.c:760:6:HAL_RNG_IRQHandler	8	static
D:/Github/BLE_Implementation/BLE_p2pServer/Drivers/STM32WBAxx_HAL_Driver/Src/stm32wbaxx_hal_rng.c:914:22:HAL_RNG_GetState	0	static
D:/Github/BLE_Implementation/BLE_p2pServer/Drivers/STM32WBAxx_HAL_Driver/Src/stm32wbaxx_hal_rng.c:924:10:HAL_RNG_GetError	0	static
D:/Github/BLE_Implementation/BLE_p2pServer/Drivers/STM32WBAxx_HAL_Driver/Src/stm32wbaxx_hal_rng.c:946:19:RNG_RecoverSeedError	16	static
D:/Github/BLE_Implementation/BLE_p2pServer/Drivers/STM32WBAxx_HAL_Driver/Src/stm32wbaxx_hal_rng.c:631:19:HAL_RNG_GenerateRandomNumber	24	static
