D:/Github/BLE_Implementation/BLE_p2pServer/Drivers/STM32WBAxx_HAL_Driver/Src/stm32wbaxx_hal_ramcfg.c:304:13:HAL_RAMCFG_MspInit	0	static
D:/Github/BLE_Implementation/BLE_p2pServer/Drivers/STM32WBAxx_HAL_Driver/Src/stm32wbaxx_hal_ramcfg.c:211:19:HAL_RAMCFG_Init	8	static
D:/Github/BLE_Implementation/BLE_p2pServer/Drivers/STM32WBAxx_HAL_Driver/Src/stm32wbaxx_hal_ramcfg.c:319:13:HAL_RAMCFG_MspDeInit	0	static
D:/Github/BLE_Implementation/BLE_p2pServer/Drivers/STM32WBAxx_HAL_Driver/Src/stm32wbaxx_hal_ramcfg.c:255:19:HAL_RAMCFG_DeInit	8	static
D:/Github/BLE_Implementation/BLE_p2pServer/Drivers/STM32WBAxx_HAL_Driver/Src/stm32wbaxx_hal_ramcfg.c:376:19:HAL_RAMCFG_LatchParityErrorAddress	4	static
D:/Github/BLE_Implementation/BLE_p2pServer/Drivers/STM32WBAxx_HAL_Driver/Src/stm32wbaxx_hal_ramcfg.c:414:19:HAL_RAMCFG_UnlatchParityErrorAddress	4	static
D:/Github/BLE_Implementation/BLE_p2pServer/Drivers/STM32WBAxx_HAL_Driver/Src/stm32wbaxx_hal_ramcfg.c:452:19:HAL_RAMCFG_EnableNotification	4	static
D:/Github/BLE_Implementation/BLE_p2pServer/Drivers/STM32WBAxx_HAL_Driver/Src/stm32wbaxx_hal_ramcfg.c:492:19:HAL_RAMCFG_DisableNotification	4	static
D:/Github/BLE_Implementation/BLE_p2pServer/Drivers/STM32WBAxx_HAL_Driver/Src/stm32wbaxx_hal_ramcfg.c:529:10:HAL_RAMCFG_IsParityErrorDetected	0	static
D:/Github/BLE_Implementation/BLE_p2pServer/Drivers/STM32WBAxx_HAL_Driver/Src/stm32wbaxx_hal_ramcfg.c:546:19:HAL_RAMCFG_GetParityErrorAddress	4	static
D:/Github/BLE_Implementation/BLE_p2pServer/Drivers/STM32WBAxx_HAL_Driver/Src/stm32wbaxx_hal_ramcfg.c:592:19:HAL_RAMCFG_ConfigWaitState	4	static
D:/Github/BLE_Implementation/BLE_p2pServer/Drivers/STM32WBAxx_HAL_Driver/Src/stm32wbaxx_hal_ramcfg.c:628:10:HAL_RAMCFG_GetWaitState	0	static
D:/Github/BLE_Implementation/BLE_p2pServer/Drivers/STM32WBAxx_HAL_Driver/Src/stm32wbaxx_hal_ramcfg.c:669:19:HAL_RAMCFG_EnableWriteProtection	8	static
D:/Github/BLE_Implementation/BLE_p2pServer/Drivers/STM32WBAxx_HAL_Driver/Src/stm32wbaxx_hal_ramcfg.c:743:19:HAL_RAMCFG_Erase	16	static
D:/Github/BLE_Implementation/BLE_p2pServer/Drivers/STM32WBAxx_HAL_Driver/Src/stm32wbaxx_hal_ramcfg.c:856:13:HAL_RAMCFG_DetectParityErrorCallback	0	static
D:/Github/BLE_Implementation/BLE_p2pServer/Drivers/STM32WBAxx_HAL_Driver/Src/stm32wbaxx_hal_ramcfg.c:825:6:HAL_RAMCFG_IRQHandler	8	static
D:/Github/BLE_Implementation/BLE_p2pServer/Drivers/STM32WBAxx_HAL_Driver/Src/stm32wbaxx_hal_ramcfg.c:1082:25:HAL_RAMCFG_GetState	0	static
D:/Github/BLE_Implementation/BLE_p2pServer/Drivers/STM32WBAxx_HAL_Driver/Src/stm32wbaxx_hal_ramcfg.c:1098:10:HAL_RAMCFG_GetError	0	static
