D:/Github/BLE_Implementation/BLE_p2pServer/Drivers/STM32WBAxx_HAL_Driver/Src/stm32wbaxx_hal_gpio.c:168:6:HAL_GPIO_Init	56	static
D:/Github/BLE_Implementation/BLE_p2pServer/Drivers/STM32WBAxx_HAL_Driver/Src/stm32wbaxx_hal_gpio.c:295:6:HAL_GPIO_DeInit	36	static
D:/Github/BLE_Implementation/BLE_p2pServer/Drivers/STM32WBAxx_HAL_Driver/Src/stm32wbaxx_hal_gpio.c:376:15:HAL_GPIO_ReadPin	0	static
D:/Github/BLE_Implementation/BLE_p2pServer/Drivers/STM32WBAxx_HAL_Driver/Src/stm32wbaxx_hal_gpio.c:408:6:HAL_GPIO_WritePin	0	static
D:/Github/BLE_Implementation/BLE_p2pServer/Drivers/STM32WBAxx_HAL_Driver/Src/stm32wbaxx_hal_gpio.c:436:6:HAL_GPIO_WriteMultipleStatePin	0	static
D:/Github/BLE_Implementation/BLE_p2pServer/Drivers/STM32WBAxx_HAL_Driver/Src/stm32wbaxx_hal_gpio.c:456:6:HAL_GPIO_TogglePin	0	static
D:/Github/BLE_Implementation/BLE_p2pServer/Drivers/STM32WBAxx_HAL_Driver/Src/stm32wbaxx_hal_gpio.c:481:19:HAL_GPIO_LockPin	8	static
D:/Github/BLE_Implementation/BLE_p2pServer/Drivers/STM32WBAxx_HAL_Driver/Src/stm32wbaxx_hal_gpio.c:537:13:HAL_GPIO_EXTI_Rising_Callback	0	static
D:/Github/BLE_Implementation/BLE_p2pServer/Drivers/STM32WBAxx_HAL_Driver/Src/stm32wbaxx_hal_gpio.c:552:13:HAL_GPIO_EXTI_Falling_Callback	0	static
D:/Github/BLE_Implementation/BLE_p2pServer/Drivers/STM32WBAxx_HAL_Driver/Src/stm32wbaxx_hal_gpio.c:516:6:HAL_GPIO_EXTI_IRQHandler	8	static
