D:/Github/BLE_Implementation/BLE_p2pServer/System/Modules/ble_timer.c:116:13:BLE_TIMER_Background	8	static
D:/Github/BLE_Implementation/BLE_p2pServer/System/Modules/ble_timer.c:127:13:BLE_TIMER_Callback	0	static
D:/Github/BLE_Implementation/BLE_p2pServer/System/Modules/ble_timer.c:55:6:BLE_TIMER_Init	8	static
D:/Github/BLE_Implementation/BLE_p2pServer/System/Modules/ble_timer.c:67:9:BLE_TIMER_Start	40	static
D:/Github/BLE_Implementation/BLE_p2pServer/System/Modules/ble_timer.c:102:6:BLE_TIMER_Stop	24	static
