D:/Github/BLE_Implementation/BLE_p2pServer/System/Modules/crc_ctrl.c:301:29:CRCCTRL_MutexTake	0	static
D:/Github/BLE_Implementation/BLE_p2pServer/System/Modules/crc_ctrl.c:306:29:CRCCTRL_MutexRelease	0	static
D:/Github/BLE_Implementation/BLE_p2pServer/System/Modules/crc_ctrl.c:71:29:CRCCTRL_Init	8	static
D:/Github/BLE_Implementation/BLE_p2pServer/System/Modules/crc_ctrl.c:93:29:CRCCTRL_RegisterHandle	16	static
D:/Github/BLE_Implementation/BLE_p2pServer/System/Modules/crc_ctrl.c:129:29:CRCCTRL_Calculate	40	static
D:/Github/BLE_Implementation/BLE_p2pServer/System/Modules/crc_ctrl.c:187:29:CRCCTRL_Accumulate	40	static
