D:/Github/BLE_Implementation/BLE_p2pServer/Core/Src/app_entry.c:293:13:APPE_Button1Action	0	static
D:/Github/BLE_Implementation/BLE_p2pServer/Core/Src/app_entry.c:484:13:AMM_WrapperFree	0	static
D:/Github/BLE_Implementation/BLE_p2pServer/Core/Src/app_entry.c:479:19:AMM_WrapperAllocate	0	static
D:/Github/BLE_Implementation/BLE_p2pServer/Core/Src/app_entry.c:474:13:AMM_WrapperInit	0	static
D:/Github/BLE_Implementation/BLE_p2pServer/Core/Src/app_entry.c:534:13:Button_TriggerActions	8	static
D:/Github/BLE_Implementation/BLE_p2pServer/Core/Src/app_entry.c:302:13:APPE_Button2Action	0	static
D:/Github/BLE_Implementation/BLE_p2pServer/Core/Src/app_entry.c:311:13:APPE_Button3Action	0	static
D:/Github/BLE_Implementation/BLE_p2pServer/Core/Src/app_entry.c:178:6:MX_APPE_Config	16	static
D:/Github/BLE_Implementation/BLE_p2pServer/Core/Src/app_entry.c:187:10:MX_APPE_Init	40	static
D:/Github/BLE_Implementation/BLE_p2pServer/Core/Src/app_entry.c:253:6:MX_APPE_Process	0	static
D:/Github/BLE_Implementation/BLE_p2pServer/Core/Src/app_entry.c:272:9:APPE_ButtonIsLongPressed	0	static
D:/Github/BLE_Implementation/BLE_p2pServer/Core/Src/app_entry.c:569:6:UTIL_SEQ_Idle	0	static
D:/Github/BLE_Implementation/BLE_p2pServer/Core/Src/app_entry.c:579:6:UTIL_SEQ_PreIdle	0	static
D:/Github/BLE_Implementation/BLE_p2pServer/Core/Src/app_entry.c:609:6:UTIL_SEQ_PostIdle	0	static
D:/Github/BLE_Implementation/BLE_p2pServer/Core/Src/app_entry.c:625:6:BPKACB_Process	0	static
D:/Github/BLE_Implementation/BLE_p2pServer/Core/Src/app_entry.c:633:6:HWCB_RNG_Process	0	static
D:/Github/BLE_Implementation/BLE_p2pServer/Core/Src/app_entry.c:638:6:AMM_RegisterBasicMemoryManager	0	static
D:/Github/BLE_Implementation/BLE_p2pServer/Core/Src/app_entry.c:646:6:AMM_ProcessRequest	0	static
D:/Github/BLE_Implementation/BLE_p2pServer/Core/Src/app_entry.c:652:6:FM_ProcessRequest	0	static
D:/Github/BLE_Implementation/BLE_p2pServer/Core/Src/app_entry.c:685:6:UTIL_ADV_TRACE_PreSendHook	0	static
D:/Github/BLE_Implementation/BLE_p2pServer/Core/Src/app_entry.c:696:6:UTIL_ADV_TRACE_PostSendHook	0	static
D:/Github/BLE_Implementation/BLE_p2pServer/Core/Src/app_entry.c:711:6:BSP_PB_Callback	0	static
