D:/Github/BLE_Implementation/BLE_p2pServer/Core/Src/stm32wbaxx_hal_msp.c:66:6:HAL_MspInit	16	static
D:/Github/BLE_Implementation/BLE_p2pServer/Core/Src/stm32wbaxx_hal_msp.c:96:6:HAL_ADC_MspInit	88	static
D:/Github/BLE_Implementation/BLE_p2pServer/Core/Src/stm32wbaxx_hal_msp.c:130:6:HAL_ADC_MspDeInit	0	static
D:/Github/BLE_Implementation/BLE_p2pServer/Core/Src/stm32wbaxx_hal_msp.c:152:6:HAL_CRC_MspInit	8	static
D:/Github/BLE_Implementation/BLE_p2pServer/Core/Src/stm32wbaxx_hal_msp.c:175:6:HAL_CRC_MspDeInit	0	static
D:/Github/BLE_Implementation/BLE_p2pServer/Core/Src/stm32wbaxx_hal_msp.c:197:6:HAL_RAMCFG_MspInit	8	static
D:/Github/BLE_Implementation/BLE_p2pServer/Core/Src/stm32wbaxx_hal_msp.c:216:6:HAL_RAMCFG_MspDeInit	0	static
D:/Github/BLE_Implementation/BLE_p2pServer/Core/Src/stm32wbaxx_hal_msp.c:235:6:HAL_RNG_MspInit	88	static
D:/Github/BLE_Implementation/BLE_p2pServer/Core/Src/stm32wbaxx_hal_msp.c:269:6:HAL_RNG_MspDeInit	0	static
D:/Github/BLE_Implementation/BLE_p2pServer/Core/Src/stm32wbaxx_hal_msp.c:291:6:HAL_RTC_MspInit	88	static
D:/Github/BLE_Implementation/BLE_p2pServer/Core/Src/stm32wbaxx_hal_msp.c:328:6:HAL_RTC_MspDeInit	0	static
D:/Github/BLE_Implementation/BLE_p2pServer/Core/Src/stm32wbaxx_hal_msp.c:353:6:HAL_UART_MspInit	128	static
D:/Github/BLE_Implementation/BLE_p2pServer/Core/Src/stm32wbaxx_hal_msp.c:467:6:HAL_UART_MspDeInit	8	static
