11:40:18 **** Incremental Build of configuration Debug for project BLE_p2pServer ****
make -j4 all 
arm-none-eabi-gcc "../Application/User/STM32_WPAN/App/HPL_App.c" -mcpu=cortex-m33 -std=gnu11 -g3 -DDEBUG -DUSE_FULL_LL_DRIVER -DBLE -DUSE_HAL_DRIVER -DSTM32WBA55xx -c -I../../Core/Inc -I../../System/Interfaces -I../../System/Modules -I../../System/Modules/baes -I../../System/Modules/Flash -I../../System/Modules/MemoryManager -I../../System/Modules/Nvm -I../../System/Modules/RTDebug -I../../System/Modules/RFControl -I../../System/Modules/SerialCmdInterpreter -I../../System/Config/Log -I../../System/Config/LowPower -I../../System/Config/Debug_GPIO -I../../System/Config/Flash -I../../STM32_WPAN/App -I../../STM32_WPAN/Target -I../../Drivers/STM32WBAxx_HAL_Driver/Inc -I../../Drivers/STM32WBAxx_HAL_Driver/Inc/Legacy -I../../Utilities/trace/adv_trace -I../../Utilities/misc -I../../Utilities/sequencer -I../../Utilities/tim_serv -I../../Utilities/lpm/tiny_lpm -I../../Middlewares/ST/STM32_WPAN -I../../Middlewares/ST/STM32_WPAN/link_layer/ll_cmd_lib/config/ble_basic -I../../Middlewares/ST/STM32_WPAN/ble/svc/Src -I../../Drivers/CMSIS/Device/ST/STM32WBAxx/Include -I../../Middlewares/ST/STM32_WPAN/link_layer/ll_cmd_lib/inc -I../../Middlewares/ST/STM32_WPAN/link_layer/ll_cmd_lib/inc/_40nm_reg_files -I../../Middlewares/ST/STM32_WPAN/link_layer/ll_cmd_lib/inc/ot_inc -I../../Middlewares/ST/STM32_WPAN/link_layer/ll_cmd_lib/porting -I../../Middlewares/ST/STM32_WPAN/link_layer/ll_sys/inc -I../../Middlewares/ST/STM32_WPAN/link_layer/ll_cmd_lib/src/shrd_utils/inc -I../../Middlewares/ST/STM32_WPAN/ble -I../../Middlewares/ST/STM32_WPAN/ble/stack/include -I../../Middlewares/ST/STM32_WPAN/ble/stack/include/auto -I../../Middlewares/ST/STM32_WPAN/ble/svc/Inc -I../../Drivers/CMSIS/Include -I../../Drivers/BSP/STM32WBAxx_Nucleo -I../../System/Config/CRC_Ctrl -I../../System/Config/ADC_Ctrl -O3 -ffunction-sections -fdata-sections -Wall -fstack-usage -fcyclomatic-complexity -MMD -MP -MF"Application/User/STM32_WPAN/App/HPL_App.d" -MT"Application/User/STM32_WPAN/App/HPL_App.o" --specs=nano.specs -mfpu=fpv5-sp-d16 -mfloat-abi=hard -mthumb -o "Application/User/STM32_WPAN/App/HPL_App.o"
arm-none-eabi-gcc "../Application/User/STM32_WPAN/App/app_ble.c" -mcpu=cortex-m33 -std=gnu11 -g3 -DDEBUG -DUSE_FULL_LL_DRIVER -DBLE -DUSE_HAL_DRIVER -DSTM32WBA55xx -c -I../../Core/Inc -I../../System/Interfaces -I../../System/Modules -I../../System/Modules/baes -I../../System/Modules/Flash -I../../System/Modules/MemoryManager -I../../System/Modules/Nvm -I../../System/Modules/RTDebug -I../../System/Modules/RFControl -I../../System/Modules/SerialCmdInterpreter -I../../System/Config/Log -I../../System/Config/LowPower -I../../System/Config/Debug_GPIO -I../../System/Config/Flash -I../../STM32_WPAN/App -I../../STM32_WPAN/Target -I../../Drivers/STM32WBAxx_HAL_Driver/Inc -I../../Drivers/STM32WBAxx_HAL_Driver/Inc/Legacy -I../../Utilities/trace/adv_trace -I../../Utilities/misc -I../../Utilities/sequencer -I../../Utilities/tim_serv -I../../Utilities/lpm/tiny_lpm -I../../Middlewares/ST/STM32_WPAN -I../../Middlewares/ST/STM32_WPAN/link_layer/ll_cmd_lib/config/ble_basic -I../../Middlewares/ST/STM32_WPAN/ble/svc/Src -I../../Drivers/CMSIS/Device/ST/STM32WBAxx/Include -I../../Middlewares/ST/STM32_WPAN/link_layer/ll_cmd_lib/inc -I../../Middlewares/ST/STM32_WPAN/link_layer/ll_cmd_lib/inc/_40nm_reg_files -I../../Middlewares/ST/STM32_WPAN/link_layer/ll_cmd_lib/inc/ot_inc -I../../Middlewares/ST/STM32_WPAN/link_layer/ll_cmd_lib/porting -I../../Middlewares/ST/STM32_WPAN/link_layer/ll_sys/inc -I../../Middlewares/ST/STM32_WPAN/link_layer/ll_cmd_lib/src/shrd_utils/inc -I../../Middlewares/ST/STM32_WPAN/ble -I../../Middlewares/ST/STM32_WPAN/ble/stack/include -I../../Middlewares/ST/STM32_WPAN/ble/stack/include/auto -I../../Middlewares/ST/STM32_WPAN/ble/svc/Inc -I../../Drivers/CMSIS/Include -I../../Drivers/BSP/STM32WBAxx_Nucleo -I../../System/Config/CRC_Ctrl -I../../System/Config/ADC_Ctrl -O3 -ffunction-sections -fdata-sections -Wall -fstack-usage -fcyclomatic-complexity -MMD -MP -MF"Application/User/STM32_WPAN/App/app_ble.d" -MT"Application/User/STM32_WPAN/App/app_ble.o" --specs=nano.specs -mfpu=fpv5-sp-d16 -mfloat-abi=hard -mthumb -o "Application/User/STM32_WPAN/App/app_ble.o"
arm-none-eabi-gcc "../Application/User/STM32_WPAN/App/p2p_server_app.c" -mcpu=cortex-m33 -std=gnu11 -g3 -DDEBUG -DUSE_FULL_LL_DRIVER -DBLE -DUSE_HAL_DRIVER -DSTM32WBA55xx -c -I../../Core/Inc -I../../System/Interfaces -I../../System/Modules -I../../System/Modules/baes -I../../System/Modules/Flash -I../../System/Modules/MemoryManager -I../../System/Modules/Nvm -I../../System/Modules/RTDebug -I../../System/Modules/RFControl -I../../System/Modules/SerialCmdInterpreter -I../../System/Config/Log -I../../System/Config/LowPower -I../../System/Config/Debug_GPIO -I../../System/Config/Flash -I../../STM32_WPAN/App -I../../STM32_WPAN/Target -I../../Drivers/STM32WBAxx_HAL_Driver/Inc -I../../Drivers/STM32WBAxx_HAL_Driver/Inc/Legacy -I../../Utilities/trace/adv_trace -I../../Utilities/misc -I../../Utilities/sequencer -I../../Utilities/tim_serv -I../../Utilities/lpm/tiny_lpm -I../../Middlewares/ST/STM32_WPAN -I../../Middlewares/ST/STM32_WPAN/link_layer/ll_cmd_lib/config/ble_basic -I../../Middlewares/ST/STM32_WPAN/ble/svc/Src -I../../Drivers/CMSIS/Device/ST/STM32WBAxx/Include -I../../Middlewares/ST/STM32_WPAN/link_layer/ll_cmd_lib/inc -I../../Middlewares/ST/STM32_WPAN/link_layer/ll_cmd_lib/inc/_40nm_reg_files -I../../Middlewares/ST/STM32_WPAN/link_layer/ll_cmd_lib/inc/ot_inc -I../../Middlewares/ST/STM32_WPAN/link_layer/ll_cmd_lib/porting -I../../Middlewares/ST/STM32_WPAN/link_layer/ll_sys/inc -I../../Middlewares/ST/STM32_WPAN/link_layer/ll_cmd_lib/src/shrd_utils/inc -I../../Middlewares/ST/STM32_WPAN/ble -I../../Middlewares/ST/STM32_WPAN/ble/stack/include -I../../Middlewares/ST/STM32_WPAN/ble/stack/include/auto -I../../Middlewares/ST/STM32_WPAN/ble/svc/Inc -I../../Drivers/CMSIS/Include -I../../Drivers/BSP/STM32WBAxx_Nucleo -I../../System/Config/CRC_Ctrl -I../../System/Config/ADC_Ctrl -O3 -ffunction-sections -fdata-sections -Wall -fstack-usage -fcyclomatic-complexity -MMD -MP -MF"Application/User/STM32_WPAN/App/p2p_server_app.d" -MT"Application/User/STM32_WPAN/App/p2p_server_app.o" --specs=nano.specs -mfpu=fpv5-sp-d16 -mfloat-abi=hard -mthumb -o "Application/User/STM32_WPAN/App/p2p_server_app.o"
arm-none-eabi-gcc "../Application/User/Core/syscalls.c" -mcpu=cortex-m33 -std=gnu11 -g3 -DDEBUG -DUSE_FULL_LL_DRIVER -DBLE -DUSE_HAL_DRIVER -DSTM32WBA55xx -c -I../../Core/Inc -I../../System/Interfaces -I../../System/Modules -I../../System/Modules/baes -I../../System/Modules/Flash -I../../System/Modules/MemoryManager -I../../System/Modules/Nvm -I../../System/Modules/RTDebug -I../../System/Modules/RFControl -I../../System/Modules/SerialCmdInterpreter -I../../System/Config/Log -I../../System/Config/LowPower -I../../System/Config/Debug_GPIO -I../../System/Config/Flash -I../../STM32_WPAN/App -I../../STM32_WPAN/Target -I../../Drivers/STM32WBAxx_HAL_Driver/Inc -I../../Drivers/STM32WBAxx_HAL_Driver/Inc/Legacy -I../../Utilities/trace/adv_trace -I../../Utilities/misc -I../../Utilities/sequencer -I../../Utilities/tim_serv -I../../Utilities/lpm/tiny_lpm -I../../Middlewares/ST/STM32_WPAN -I../../Middlewares/ST/STM32_WPAN/link_layer/ll_cmd_lib/config/ble_basic -I../../Middlewares/ST/STM32_WPAN/ble/svc/Src -I../../Drivers/CMSIS/Device/ST/STM32WBAxx/Include -I../../Middlewares/ST/STM32_WPAN/link_layer/ll_cmd_lib/inc -I../../Middlewares/ST/STM32_WPAN/link_layer/ll_cmd_lib/inc/_40nm_reg_files -I../../Middlewares/ST/STM32_WPAN/link_layer/ll_cmd_lib/inc/ot_inc -I../../Middlewares/ST/STM32_WPAN/link_layer/ll_cmd_lib/porting -I../../Middlewares/ST/STM32_WPAN/link_layer/ll_sys/inc -I../../Middlewares/ST/STM32_WPAN/link_layer/ll_cmd_lib/src/shrd_utils/inc -I../../Middlewares/ST/STM32_WPAN/ble -I../../Middlewares/ST/STM32_WPAN/ble/stack/include -I../../Middlewares/ST/STM32_WPAN/ble/stack/include/auto -I../../Middlewares/ST/STM32_WPAN/ble/svc/Inc -I../../Drivers/CMSIS/Include -I../../Drivers/BSP/STM32WBAxx_Nucleo -I../../System/Config/CRC_Ctrl -I../../System/Config/ADC_Ctrl -O3 -ffunction-sections -fdata-sections -Wall -fstack-usage -fcyclomatic-complexity -MMD -MP -MF"Application/User/Core/syscalls.d" -MT"Application/User/Core/syscalls.o" --specs=nano.specs -mfpu=fpv5-sp-d16 -mfloat-abi=hard -mthumb -o "Application/User/Core/syscalls.o"
../Application/User/STM32_WPAN/App/app_ble.c: In function 'fill_advData':
../Application/User/STM32_WPAN/App/app_ble.c:1528:27: error: 'BOARD_ID_NUCLEO_WBA' undeclared (first use in this function); did you mean 'BOARD_ID_NUCLEO_WBA6X'?
 1528 |         p_adv_data[i+5] = BOARD_ID_NUCLEO_WBA; /* Board ID */
      |                           ^~~~~~~~~~~~~~~~~~~
      |                           BOARD_ID_NUCLEO_WBA6X
../Application/User/STM32_WPAN/App/app_ble.c:1528:27: note: each undeclared identifier is reported only once for each function it appears in
../Application/User/STM32_WPAN/App/app_ble.c: At top level:
../Application/User/STM32_WPAN/App/app_ble.c:1478:13: warning: 'fill_advData' defined but not used [-Wunused-function]
 1478 | static void fill_advData(uint8_t *p_adv_data, uint8_t tab_size, const uint8_t* p_bd_addr)
      |             ^~~~~~~~~~~~
make: *** [Application/User/STM32_WPAN/App/subdir.mk:28: Application/User/STM32_WPAN/App/app_ble.o] Error 1
make: *** Waiting for unfinished jobs....
"make -j4 all" terminated with exit code 2. Build might be incomplete.
11:41:58 **** Incremental Build of configuration Debug for project BLE_p2pServer ****
make -j4 all 
arm-none-eabi-gcc "../Application/User/STM32_WPAN/App/app_ble.c" -mcpu=cortex-m33 -std=gnu11 -g3 -DDEBUG -DUSE_FULL_LL_DRIVER -DBLE -DUSE_HAL_DRIVER -DSTM32WBA55xx -c -I../../Core/Inc -I../../System/Interfaces -I../../System/Modules -I../../System/Modules/baes -I../../System/Modules/Flash -I../../System/Modules/MemoryManager -I../../System/Modules/Nvm -I../../System/Modules/RTDebug -I../../System/Modules/RFControl -I../../System/Modules/SerialCmdInterpreter -I../../System/Config/Log -I../../System/Config/LowPower -I../../System/Config/Debug_GPIO -I../../System/Config/Flash -I../../STM32_WPAN/App -I../../STM32_WPAN/Target -I../../Drivers/STM32WBAxx_HAL_Driver/Inc -I../../Drivers/STM32WBAxx_HAL_Driver/Inc/Legacy -I../../Utilities/trace/adv_trace -I../../Utilities/misc -I../../Utilities/sequencer -I../../Utilities/tim_serv -I../../Utilities/lpm/tiny_lpm -I../../Middlewares/ST/STM32_WPAN -I../../Middlewares/ST/STM32_WPAN/link_layer/ll_cmd_lib/config/ble_basic -I../../Middlewares/ST/STM32_WPAN/ble/svc/Src -I../../Drivers/CMSIS/Device/ST/STM32WBAxx/Include -I../../Middlewares/ST/STM32_WPAN/link_layer/ll_cmd_lib/inc -I../../Middlewares/ST/STM32_WPAN/link_layer/ll_cmd_lib/inc/_40nm_reg_files -I../../Middlewares/ST/STM32_WPAN/link_layer/ll_cmd_lib/inc/ot_inc -I../../Middlewares/ST/STM32_WPAN/link_layer/ll_cmd_lib/porting -I../../Middlewares/ST/STM32_WPAN/link_layer/ll_sys/inc -I../../Middlewares/ST/STM32_WPAN/link_layer/ll_cmd_lib/src/shrd_utils/inc -I../../Middlewares/ST/STM32_WPAN/ble -I../../Middlewares/ST/STM32_WPAN/ble/stack/include -I../../Middlewares/ST/STM32_WPAN/ble/stack/include/auto -I../../Middlewares/ST/STM32_WPAN/ble/svc/Inc -I../../Drivers/CMSIS/Include -I../../Drivers/BSP/STM32WBAxx_Nucleo -I../../System/Config/CRC_Ctrl -I../../System/Config/ADC_Ctrl -O3 -ffunction-sections -fdata-sections -Wall -fstack-usage -fcyclomatic-complexity -MMD -MP -MF"Application/User/STM32_WPAN/App/app_ble.d" -MT"Application/User/STM32_WPAN/App/app_ble.o" --specs=nano.specs -mfpu=fpv5-sp-d16 -mfloat-abi=hard -mthumb -o "Application/User/STM32_WPAN/App/app_ble.o"
arm-none-eabi-gcc "../Application/User/Core/sysmem.c" -mcpu=cortex-m33 -std=gnu11 -g3 -DDEBUG -DUSE_FULL_LL_DRIVER -DBLE -DUSE_HAL_DRIVER -DSTM32WBA55xx -c -I../../Core/Inc -I../../System/Interfaces -I../../System/Modules -I../../System/Modules/baes -I../../System/Modules/Flash -I../../System/Modules/MemoryManager -I../../System/Modules/Nvm -I../../System/Modules/RTDebug -I../../System/Modules/RFControl -I../../System/Modules/SerialCmdInterpreter -I../../System/Config/Log -I../../System/Config/LowPower -I../../System/Config/Debug_GPIO -I../../System/Config/Flash -I../../STM32_WPAN/App -I../../STM32_WPAN/Target -I../../Drivers/STM32WBAxx_HAL_Driver/Inc -I../../Drivers/STM32WBAxx_HAL_Driver/Inc/Legacy -I../../Utilities/trace/adv_trace -I../../Utilities/misc -I../../Utilities/sequencer -I../../Utilities/tim_serv -I../../Utilities/lpm/tiny_lpm -I../../Middlewares/ST/STM32_WPAN -I../../Middlewares/ST/STM32_WPAN/link_layer/ll_cmd_lib/config/ble_basic -I../../Middlewares/ST/STM32_WPAN/ble/svc/Src -I../../Drivers/CMSIS/Device/ST/STM32WBAxx/Include -I../../Middlewares/ST/STM32_WPAN/link_layer/ll_cmd_lib/inc -I../../Middlewares/ST/STM32_WPAN/link_layer/ll_cmd_lib/inc/_40nm_reg_files -I../../Middlewares/ST/STM32_WPAN/link_layer/ll_cmd_lib/inc/ot_inc -I../../Middlewares/ST/STM32_WPAN/link_layer/ll_cmd_lib/porting -I../../Middlewares/ST/STM32_WPAN/link_layer/ll_sys/inc -I../../Middlewares/ST/STM32_WPAN/link_layer/ll_cmd_lib/src/shrd_utils/inc -I../../Middlewares/ST/STM32_WPAN/ble -I../../Middlewares/ST/STM32_WPAN/ble/stack/include -I../../Middlewares/ST/STM32_WPAN/ble/stack/include/auto -I../../Middlewares/ST/STM32_WPAN/ble/svc/Inc -I../../Drivers/CMSIS/Include -I../../Drivers/BSP/STM32WBAxx_Nucleo -I../../System/Config/CRC_Ctrl -I../../System/Config/ADC_Ctrl -O3 -ffunction-sections -fdata-sections -Wall -fstack-usage -fcyclomatic-complexity -MMD -MP -MF"Application/User/Core/sysmem.d" -MT"Application/User/Core/sysmem.o" --specs=nano.specs -mfpu=fpv5-sp-d16 -mfloat-abi=hard -mthumb -o "Application/User/Core/sysmem.o"
../Application/User/STM32_WPAN/App/app_ble.c: In function 'fill_advData':
../Application/User/STM32_WPAN/App/app_ble.c:1528:27: error: 'BOARD_ID_NUCLEO_WBA' undeclared (first use in this function); did you mean 'BOARD_ID_NUCLEO_WBA6X'?
 1528 |         p_adv_data[i+5] = BOARD_ID_NUCLEO_WBA; /* Board ID */
      |                           ^~~~~~~~~~~~~~~~~~~
      |                           BOARD_ID_NUCLEO_WBA6X
../Application/User/STM32_WPAN/App/app_ble.c:1528:27: note: each undeclared identifier is reported only once for each function it appears in
../Application/User/STM32_WPAN/App/app_ble.c: At top level:
../Application/User/STM32_WPAN/App/app_ble.c:1478:13: warning: 'fill_advData' defined but not used [-Wunused-function]
 1478 | static void fill_advData(uint8_t *p_adv_data, uint8_t tab_size, const uint8_t* p_bd_addr)
      |             ^~~~~~~~~~~~
make: *** [Application/User/STM32_WPAN/App/subdir.mk:28: Application/User/STM32_WPAN/App/app_ble.o] Error 1
"make -j4 all" terminated with exit code 2. Build might be incomplete.
11:42:26 **** Incremental Build of configuration Debug for project BLE_p2pServer ****
make -j4 all 
arm-none-eabi-gcc "D:/Github/BLE_Implementation/BLE_p2pServer/STM32_WPAN/Target/host_stack_if.c" -mcpu=cortex-m33 -std=gnu11 -g3 -DDEBUG -DUSE_FULL_LL_DRIVER -DBLE -DUSE_HAL_DRIVER -DSTM32WBA55xx -c -I../../Core/Inc -I../../System/Interfaces -I../../System/Modules -I../../System/Modules/baes -I../../System/Modules/Flash -I../../System/Modules/MemoryManager -I../../System/Modules/Nvm -I../../System/Modules/RTDebug -I../../System/Modules/RFControl -I../../System/Modules/SerialCmdInterpreter -I../../System/Config/Log -I../../System/Config/LowPower -I../../System/Config/Debug_GPIO -I../../System/Config/Flash -I../../STM32_WPAN/App -I../../STM32_WPAN/Target -I../../Drivers/STM32WBAxx_HAL_Driver/Inc -I../../Drivers/STM32WBAxx_HAL_Driver/Inc/Legacy -I../../Utilities/trace/adv_trace -I../../Utilities/misc -I../../Utilities/sequencer -I../../Utilities/tim_serv -I../../Utilities/lpm/tiny_lpm -I../../Middlewares/ST/STM32_WPAN -I../../Middlewares/ST/STM32_WPAN/link_layer/ll_cmd_lib/config/ble_basic -I../../Middlewares/ST/STM32_WPAN/ble/svc/Src -I../../Drivers/CMSIS/Device/ST/STM32WBAxx/Include -I../../Middlewares/ST/STM32_WPAN/link_layer/ll_cmd_lib/inc -I../../Middlewares/ST/STM32_WPAN/link_layer/ll_cmd_lib/inc/_40nm_reg_files -I../../Middlewares/ST/STM32_WPAN/link_layer/ll_cmd_lib/inc/ot_inc -I../../Middlewares/ST/STM32_WPAN/link_layer/ll_cmd_lib/porting -I../../Middlewares/ST/STM32_WPAN/link_layer/ll_sys/inc -I../../Middlewares/ST/STM32_WPAN/link_layer/ll_cmd_lib/src/shrd_utils/inc -I../../Middlewares/ST/STM32_WPAN/ble -I../../Middlewares/ST/STM32_WPAN/ble/stack/include -I../../Middlewares/ST/STM32_WPAN/ble/stack/include/auto -I../../Middlewares/ST/STM32_WPAN/ble/svc/Inc -I../../Drivers/CMSIS/Include -I../../Drivers/BSP/STM32WBAxx_Nucleo -I../../System/Config/CRC_Ctrl -I../../System/Config/ADC_Ctrl -O3 -ffunction-sections -fdata-sections -Wall -fstack-usage -fcyclomatic-complexity -MMD -MP -MF"Application/User/STM32_WPAN/Target/host_stack_if.d" -MT"Application/User/STM32_WPAN/Target/host_stack_if.o" --specs=nano.specs -mfpu=fpv5-sp-d16 -mfloat-abi=hard -mthumb -o "Application/User/STM32_WPAN/Target/host_stack_if.o"
arm-none-eabi-gcc "../Application/User/STM32_WPAN/App/app_ble.c" -mcpu=cortex-m33 -std=gnu11 -g3 -DDEBUG -DUSE_FULL_LL_DRIVER -DBLE -DUSE_HAL_DRIVER -DSTM32WBA55xx -c -I../../Core/Inc -I../../System/Interfaces -I../../System/Modules -I../../System/Modules/baes -I../../System/Modules/Flash -I../../System/Modules/MemoryManager -I../../System/Modules/Nvm -I../../System/Modules/RTDebug -I../../System/Modules/RFControl -I../../System/Modules/SerialCmdInterpreter -I../../System/Config/Log -I../../System/Config/LowPower -I../../System/Config/Debug_GPIO -I../../System/Config/Flash -I../../STM32_WPAN/App -I../../STM32_WPAN/Target -I../../Drivers/STM32WBAxx_HAL_Driver/Inc -I../../Drivers/STM32WBAxx_HAL_Driver/Inc/Legacy -I../../Utilities/trace/adv_trace -I../../Utilities/misc -I../../Utilities/sequencer -I../../Utilities/tim_serv -I../../Utilities/lpm/tiny_lpm -I../../Middlewares/ST/STM32_WPAN -I../../Middlewares/ST/STM32_WPAN/link_layer/ll_cmd_lib/config/ble_basic -I../../Middlewares/ST/STM32_WPAN/ble/svc/Src -I../../Drivers/CMSIS/Device/ST/STM32WBAxx/Include -I../../Middlewares/ST/STM32_WPAN/link_layer/ll_cmd_lib/inc -I../../Middlewares/ST/STM32_WPAN/link_layer/ll_cmd_lib/inc/_40nm_reg_files -I../../Middlewares/ST/STM32_WPAN/link_layer/ll_cmd_lib/inc/ot_inc -I../../Middlewares/ST/STM32_WPAN/link_layer/ll_cmd_lib/porting -I../../Middlewares/ST/STM32_WPAN/link_layer/ll_sys/inc -I../../Middlewares/ST/STM32_WPAN/link_layer/ll_cmd_lib/src/shrd_utils/inc -I../../Middlewares/ST/STM32_WPAN/ble -I../../Middlewares/ST/STM32_WPAN/ble/stack/include -I../../Middlewares/ST/STM32_WPAN/ble/stack/include/auto -I../../Middlewares/ST/STM32_WPAN/ble/svc/Inc -I../../Drivers/CMSIS/Include -I../../Drivers/BSP/STM32WBAxx_Nucleo -I../../System/Config/CRC_Ctrl -I../../System/Config/ADC_Ctrl -O3 -ffunction-sections -fdata-sections -Wall -fstack-usage -fcyclomatic-complexity -MMD -MP -MF"Application/User/STM32_WPAN/App/app_ble.d" -MT"Application/User/STM32_WPAN/App/app_ble.o" --specs=nano.specs -mfpu=fpv5-sp-d16 -mfloat-abi=hard -mthumb -o "Application/User/STM32_WPAN/App/app_ble.o"
arm-none-eabi-gcc "../Application/User/STM32_WPAN/App/p2p_server_app.c" -mcpu=cortex-m33 -std=gnu11 -g3 -DDEBUG -DUSE_FULL_LL_DRIVER -DBLE -DUSE_HAL_DRIVER -DSTM32WBA55xx -c -I../../Core/Inc -I../../System/Interfaces -I../../System/Modules -I../../System/Modules/baes -I../../System/Modules/Flash -I../../System/Modules/MemoryManager -I../../System/Modules/Nvm -I../../System/Modules/RTDebug -I../../System/Modules/RFControl -I../../System/Modules/SerialCmdInterpreter -I../../System/Config/Log -I../../System/Config/LowPower -I../../System/Config/Debug_GPIO -I../../System/Config/Flash -I../../STM32_WPAN/App -I../../STM32_WPAN/Target -I../../Drivers/STM32WBAxx_HAL_Driver/Inc -I../../Drivers/STM32WBAxx_HAL_Driver/Inc/Legacy -I../../Utilities/trace/adv_trace -I../../Utilities/misc -I../../Utilities/sequencer -I../../Utilities/tim_serv -I../../Utilities/lpm/tiny_lpm -I../../Middlewares/ST/STM32_WPAN -I../../Middlewares/ST/STM32_WPAN/link_layer/ll_cmd_lib/config/ble_basic -I../../Middlewares/ST/STM32_WPAN/ble/svc/Src -I../../Drivers/CMSIS/Device/ST/STM32WBAxx/Include -I../../Middlewares/ST/STM32_WPAN/link_layer/ll_cmd_lib/inc -I../../Middlewares/ST/STM32_WPAN/link_layer/ll_cmd_lib/inc/_40nm_reg_files -I../../Middlewares/ST/STM32_WPAN/link_layer/ll_cmd_lib/inc/ot_inc -I../../Middlewares/ST/STM32_WPAN/link_layer/ll_cmd_lib/porting -I../../Middlewares/ST/STM32_WPAN/link_layer/ll_sys/inc -I../../Middlewares/ST/STM32_WPAN/link_layer/ll_cmd_lib/src/shrd_utils/inc -I../../Middlewares/ST/STM32_WPAN/ble -I../../Middlewares/ST/STM32_WPAN/ble/stack/include -I../../Middlewares/ST/STM32_WPAN/ble/stack/include/auto -I../../Middlewares/ST/STM32_WPAN/ble/svc/Inc -I../../Drivers/CMSIS/Include -I../../Drivers/BSP/STM32WBAxx_Nucleo -I../../System/Config/CRC_Ctrl -I../../System/Config/ADC_Ctrl -O3 -ffunction-sections -fdata-sections -Wall -fstack-usage -fcyclomatic-complexity -MMD -MP -MF"Application/User/STM32_WPAN/App/p2p_server_app.d" -MT"Application/User/STM32_WPAN/App/p2p_server_app.o" --specs=nano.specs -mfpu=fpv5-sp-d16 -mfloat-abi=hard -mthumb -o "Application/User/STM32_WPAN/App/p2p_server_app.o"
arm-none-eabi-gcc "D:/Github/BLE_Implementation/BLE_p2pServer/Core/Src/app_entry.c" -mcpu=cortex-m33 -std=gnu11 -g3 -DDEBUG -DUSE_FULL_LL_DRIVER -DBLE -DUSE_HAL_DRIVER -DSTM32WBA55xx -c -I../../Core/Inc -I../../System/Interfaces -I../../System/Modules -I../../System/Modules/baes -I../../System/Modules/Flash -I../../System/Modules/MemoryManager -I../../System/Modules/Nvm -I../../System/Modules/RTDebug -I../../System/Modules/RFControl -I../../System/Modules/SerialCmdInterpreter -I../../System/Config/Log -I../../System/Config/LowPower -I../../System/Config/Debug_GPIO -I../../System/Config/Flash -I../../STM32_WPAN/App -I../../STM32_WPAN/Target -I../../Drivers/STM32WBAxx_HAL_Driver/Inc -I../../Drivers/STM32WBAxx_HAL_Driver/Inc/Legacy -I../../Utilities/trace/adv_trace -I../../Utilities/misc -I../../Utilities/sequencer -I../../Utilities/tim_serv -I../../Utilities/lpm/tiny_lpm -I../../Middlewares/ST/STM32_WPAN -I../../Middlewares/ST/STM32_WPAN/link_layer/ll_cmd_lib/config/ble_basic -I../../Middlewares/ST/STM32_WPAN/ble/svc/Src -I../../Drivers/CMSIS/Device/ST/STM32WBAxx/Include -I../../Middlewares/ST/STM32_WPAN/link_layer/ll_cmd_lib/inc -I../../Middlewares/ST/STM32_WPAN/link_layer/ll_cmd_lib/inc/_40nm_reg_files -I../../Middlewares/ST/STM32_WPAN/link_layer/ll_cmd_lib/inc/ot_inc -I../../Middlewares/ST/STM32_WPAN/link_layer/ll_cmd_lib/porting -I../../Middlewares/ST/STM32_WPAN/link_layer/ll_sys/inc -I../../Middlewares/ST/STM32_WPAN/link_layer/ll_cmd_lib/src/shrd_utils/inc -I../../Middlewares/ST/STM32_WPAN/ble -I../../Middlewares/ST/STM32_WPAN/ble/stack/include -I../../Middlewares/ST/STM32_WPAN/ble/stack/include/auto -I../../Middlewares/ST/STM32_WPAN/ble/svc/Inc -I../../Drivers/CMSIS/Include -I../../Drivers/BSP/STM32WBAxx_Nucleo -I../../System/Config/CRC_Ctrl -I../../System/Config/ADC_Ctrl -O3 -ffunction-sections -fdata-sections -Wall -fstack-usage -fcyclomatic-complexity -MMD -MP -MF"Application/User/Core/app_entry.d" -MT"Application/User/Core/app_entry.o" --specs=nano.specs -mfpu=fpv5-sp-d16 -mfloat-abi=hard -mthumb -o "Application/User/Core/app_entry.o"
../Application/User/STM32_WPAN/App/app_ble.c:1478:13: warning: 'fill_advData' defined but not used [-Wunused-function]
 1478 | static void fill_advData(uint8_t *p_adv_data, uint8_t tab_size, const uint8_t* p_bd_addr)
      |             ^~~~~~~~~~~~
arm-none-eabi-gcc -o "BLE_p2pServer.elf" @"objects.list"  -Wl,--start-group -l:LinkLayer_BLE_Basic_lib.a -l:stm32wba_ble_stack_basic.a -Wl,--end-group -mcpu=cortex-m33 -T"D:\Github\BLE_Implementation\BLE_p2pServer\STM32CubeIDE\STM32WBA55CGUX_FLASH.ld" --specs=nosys.specs -Wl,-Map="BLE_p2pServer.map" -Wl,--gc-sections -static -L../../Middlewares/ST/STM32_WPAN/link_layer/ll_cmd_lib/lib -L../../Middlewares/ST/STM32_WPAN/ble/stack/lib -z noexecstack --specs=nano.specs -mfpu=fpv5-sp-d16 -mfloat-abi=hard -mthumb -Wl,--start-group -lc -lm -Wl,--end-group
Finished building target: BLE_p2pServer.elf
 
arm-none-eabi-size  BLE_p2pServer.elf 
arm-none-eabi-objdump -h -S BLE_p2pServer.elf  > "BLE_p2pServer.list"
arm-none-eabi-objcopy  -O binary BLE_p2pServer.elf  "BLE_p2pServer.bin"
   text	   data	    bss	    dec	    hex	filename
 190604	   1432	  56552	 248588	  3cb0c	BLE_p2pServer.elf
Finished building: default.size.stdout
 
Finished building: BLE_p2pServer.bin
 
Finished building: BLE_p2pServer.list
 
