05:45:19 **** Incremental Build of configuration Debug for project BLE_p2pServer ****
make -j4 all 
arm-none-eabi-size  BLE_p2pServer.elf 
   text	   data	    bss	    dec	    hex	filename
 190604	   1432	  56552	 248588	  3cb0c	BLE_p2pServer.elf
Finished building: default.size.stdout
 
05:45:41 **** Incremental Build of configuration Debug for project BLE_p2pServer ****
make -j4 all 
arm-none-eabi-size  BLE_p2pServer.elf 
   text	   data	    bss	    dec	    hex	filename
 190604	   1432	  56552	 248588	  3cb0c	BLE_p2pServer.elf
Finished building: default.size.stdout
 
